components/TrustedBrands.tsx(17,3): error TS2724: '"react-icons/si"' has no exported member named 'SiThree'. Did you mean 'SiThreema'?
